// Jest Snapshot v1, https://goo.gl/fbAQLP

exports[`<Toast /> no props no props should render without errors 1`] = `"<div style=\\"position:absolute;top:10px;right:20px\\"></div>"`;
