// Jest Snapshot v1, https://goo.gl/fbAQLP

exports[`<LoadingButton /> should render correctly 1`] = `
<Button
  active={false}
  disabled={false}
  variant="primary"
/>
`;
